 
****************************************
Report : area
Design : Design_Top
Version: K-2015.06
Date   : Wed Aug 31 03:46:29 2022
****************************************

Library(s) Used:

    scmetro_tsmc_cl013g_rvt_tt_1p2v_25c (File: /mnt/hgfs/Digital/Courses/System/System/std_cells/scmetro_tsmc_cl013g_rvt_tt_1p2v_25c.db)

Number of ports:                          862
Number of nets:                          2163
Number of cells:                         1345
Number of combinational cells:           1021
Number of sequential cells:               270
Number of macros/black boxes:               0
Number of buf/inv:                        190
Number of references:                      20

Combinational area:               9174.730073
Buf/Inv area:                      723.670516
Noncombinational area:            6770.731716
Macro/Black Box area:                0.000000
Net Interconnect area:      undefined  (No wire load specified)

Total cell area:                 15945.461789
Total area:                 undefined

Hierarchical area distribution
------------------------------

                                  Global cell area           Local cell area
                                  -------------------  ---------------------------- 
Hierarchical cell                 Absolute    Percent  Combi-     Noncombi-  Black-
                                  Total       Total    national   national   boxes   Design
--------------------------------  ----------  -------  ---------  ---------  ------  -----------------------------------------------------------------------
Design_Top                        15945.4618    100.0     8.2369     0.0000  0.0000  Design_Top
u_ALU                              5521.0764     34.6  1040.2028   440.0858  0.0000  ALU_00000008_00000010_0000000e_00000004
u_ALU/add_57                        231.8099      1.5   231.8099     0.0000  0.0000  ALU_00000008_00000010_0000000e_00000004_DW01_add_0
u_ALU/div_71                       1437.9274      9.0  1437.9274     0.0000  0.0000  ALU_00000008_00000010_0000000e_00000004_DW_div_uns_0
u_ALU/sub_61                        265.9342      1.7   265.9342     0.0000  0.0000  ALU_00000008_00000010_0000000e_00000004_DW01_sub_0
u_ALU/u_Booth_Multi                2105.1163     13.2     8.2369     0.0000  0.0000  Booth_Multi_00000008_00000003
u_ALU/u_Booth_Multi/SC              144.7341      0.9    67.0719    77.6622  0.0000  Multi_Counter_00000008_00000003
u_ALU/u_Booth_Multi/u_AC            330.6527      2.1   123.5535   207.0992  0.0000  Multi_REG_File_00000008_2
u_ALU/u_Booth_Multi/u_ALU           695.4297      4.4   220.0429     0.0000  0.0000  Multi_ALU_00000008
u_ALU/u_Booth_Multi/u_ALU/add_30    222.3963      1.4   222.3963     0.0000  0.0000  Multi_ALU_00000008_DW01_add_0
u_ALU/u_Booth_Multi/u_ALU/sub_25    252.9905      1.6   252.9905     0.0000  0.0000  Multi_ALU_00000008_DW01_sub_0
u_ALU/u_Booth_Multi/u_Control_Unit
                                    208.2759      1.3   130.6137    77.6622  0.0000  Control_Unit
u_ALU/u_Booth_Multi/u_Multiplicand
                                    330.6527      2.1   123.5535   207.0992  0.0000  Multi_REG_File_00000008_1
u_ALU/u_Booth_Multi/u_Q             337.7129      2.1   130.6137   207.0992  0.0000  Multi_REG_File_00000008_0
u_ALU/u_Booth_Multi/u_REG_File       49.4214      0.3    23.5340    25.8874  0.0000  Multi_REG_File_00000001_00000000
u_Busy_Syn                           51.7748      0.3     0.0000    51.7748  0.0000  Multi_Flop_Synchronizer
u_Clock_Divider                     396.5479      2.5   238.8701   157.6778  0.0000  Clock_Divider
u_Clock_Gating                       21.1806      0.1     5.8835    15.2971  0.0000  Clock_Gating
u_Data_Sync                         395.3712      2.5    78.8389   232.9866  0.0000  Data_Sync_1
u_Data_Sync/u_Multi_Flop_Synchronizer_Multi_bits
                                     51.7748      0.3     0.0000     0.0000  0.0000  Multi_Flop_Synchronizer_Multi_bits_NUM_STAGES2_BUS_WIDTH1_1
u_Data_Sync/u_Multi_Flop_Synchronizer_Multi_bits/genblk1[0].u0
                                     51.7748      0.3     0.0000    51.7748  0.0000  Multi_Flop_Synchronizer_NUM_STAGES2_1
u_Data_Sync/u_Pulse_Gen              31.7709      0.2     5.8835    25.8874  0.0000  Pulse_Gen_1
u_MUX2                               11.7670      0.1    11.7670     0.0000  0.0000  MUX2_3
u_MUX2_REF_RST                       11.7670      0.1    11.7670     0.0000  0.0000  MUX2_1
u_MUX2_RST                           11.7670      0.1    11.7670     0.0000  0.0000  MUX2_2
u_MUX2_RX_CLOCK                      11.7670      0.1    11.7670     0.0000  0.0000  MUX2_4
u_MUX2_TX_CLOCK                      12.9437      0.1    12.9437     0.0000  0.0000  MUX2_5
u_MUX2_UART_RST                      11.7670      0.1    11.7670     0.0000  0.0000  MUX2_0
u_REF_CLK_RST_SYN                    51.7748      0.3     0.0000     0.0000  0.0000  RST_Sync_1
u_REF_CLK_RST_SYN/u_Multi_Flop_Synchronizer
                                     51.7748      0.3     0.0000    51.7748  0.0000  Multi_Flop_Synchronizer_NUM_STAGES2_3
u_REG_File                         5748.1795     36.0  2434.5924  3313.5872  0.0000  REG_File_00000008_00000010_00000004_00000000_00000000_0000001c_00000008
u_RST_Sync                           51.7748      0.3     0.0000     0.0000  0.0000  RST_Sync_0
u_RST_Sync/u_Multi_Flop_Synchronizer
                                     51.7748      0.3     0.0000    51.7748  0.0000  Multi_Flop_Synchronizer_NUM_STAGES2_2
u_RX_Controler                      737.7909      4.6   556.5791   181.2118  0.0000  RX_Controler_00000008_00000010_00000004_0000000e_00000004
u_Tx_Controler                      292.9983      1.8   215.3361    77.6622  0.0000  Tx_Controler_00000008_00000010
u_Tx_Data_Syn                       395.3712      2.5    78.8389   232.9866  0.0000  Data_Sync_0
u_Tx_Data_Syn/u_Multi_Flop_Synchronizer_Multi_bits
                                     51.7748      0.3     0.0000     0.0000  0.0000  Multi_Flop_Synchronizer_Multi_bits_NUM_STAGES2_BUS_WIDTH1_0
u_Tx_Data_Syn/u_Multi_Flop_Synchronizer_Multi_bits/genblk1[0].u0
                                     51.7748      0.3     0.0000    51.7748  0.0000  Multi_Flop_Synchronizer_NUM_STAGES2_0
u_Tx_Data_Syn/u_Pulse_Gen            31.7709      0.2     5.8835    25.8874  0.0000  Pulse_Gen_0
u_UART                             2201.6057     13.8     7.0602     0.0000  0.0000  UART
u_UART/u_RX1                       1494.4090      9.4     8.2369     0.0000  0.0000  RX
u_UART/u_RX1/u_Counter_Unit         523.6315      3.3     5.8835     0.0000  0.0000  Counter_Unit
u_UART/u_RX1/u_Counter_Unit/u_Bits_Counter
                                    132.9671      0.8    55.3049    77.6622  0.0000  Bits_Counter
u_UART/u_RX1/u_Counter_Unit/u_Edge_Bit_Counter
                                    384.7809      2.4   229.4565   155.3244  0.0000  Edge_Bit_Counter
u_UART/u_RX1/u_Data_Sampling        125.9069      0.8    47.0680    78.8389  0.0000  Data_Sampling
u_UART/u_RX1/u_Deserializer         349.4799      2.2   142.3807   207.0992  0.0000  Deserializer
u_UART/u_RX1/u_Error_Unit            17.6505      0.1    17.6505     0.0000  0.0000  Error_Unit
u_UART/u_RX1/u_RX_FSM               469.5033      2.9   340.0663   129.4370  0.0000  RX_FSM
u_UART/u_UART_TX_Top1               700.1365      4.4     0.0000     0.0000  0.0000  UART_TX_Top
u_UART/u_UART_TX_Top1/u_FSM         101.1962      0.6    49.4214    51.7748  0.0000  FSM
u_UART/u_UART_TX_Top1/u_Mux_4        35.3010      0.2    35.3010     0.0000  0.0000  Mux_4
u_UART/u_UART_TX_Top1/u_Parity_Unit
                                    108.2564      0.7    87.0758    21.1806  0.0000  Parity_Unit
u_UART/u_UART_TX_Top1/u_Serializer_Top
                                    455.3829      2.9     0.0000     0.0000  0.0000  Serializer_Top
u_UART/u_UART_TX_Top1/u_Serializer_Top/u_Counter
                                    129.4370      0.8    51.7748    77.6622  0.0000  Counter
u_UART/u_UART_TX_Top1/u_Serializer_Top/u_Serializer
                                    325.9459      2.0   118.8467   207.0992  0.0000  Serializer
--------------------------------  ----------  -------  ---------  ---------  ------  -----------------------------------------------------------------------
Total                                                  9174.7301  6770.7317  0.0000

1
