Depth  Name                                                                  #Inst  Area (um^2)
-----------------------------------------------------------------------------------------------
0      Design_Top                                                            1228   18055.2848 
1      u_RST_Sync                                                            3      69.4253    
1      u_UART                                                                205    2469.8933  
1      u_MUX2_UART_RST                                                       1      16.4738    
1      u_Clock_Divider                                                       44     558.9325   
1      u_MUX2                                                                1      20.0039    
1      u_Tx_Controler                                                        36     304.7653   
1      u_Tx_Data_Syn                                                         22     480.0936   
1      u_Data_Sync                                                           23     485.9771   
1      u_REG_File                                                            338    6611.8773  
1      u_MUX2_REF_RST                                                        1      15.2971    
1      u_MUX2_RX_CLOCK                                                       1      16.4738    
1      u_Busy_Syn                                                            2      65.8952    
1      u_RX_Controler                                                        88     796.6259   
1      u_REF_CLK_RST_SYN                                                     3      69.4253    
1      u_Clock_Gating                                                        2      63.5418    
1      u_ALU                                                                 426    5415.1734  
1      u_MUX2_RST                                                            2      16.4738    
1      u_MUX2_TX_CLOCK                                                       1      14.1204    
2      u_UART/u_UART_TX_Top1                                                 58     797.8026   
2      u_ALU/sub_59                                                          10     234.1633   
2      u_REF_CLK_RST_SYN/u_Multi_Flop_Synchronizer                           3      69.4253    
2      u_ALU/div_67                                                          81     1370.8555  
2      u_ALU/mult_63                                                         168    2063.9318  
2      u_Data_Sync/u_Pulse_Gen                                               2      38.8311    
2      u_Tx_Data_Syn/u_Pulse_Gen                                             2      38.8311    
2      u_UART/u_RX1                                                          147    1672.0907  
2      u_RST_Sync/u_Multi_Flop_Synchronizer                                  3      69.4253    
2      u_Tx_Data_Syn/u_Multi_Flop_Synchronizer_Multi_bits                    2      65.8952    
2      u_ALU/add_55                                                          9      231.8099   
2      u_Data_Sync/u_Multi_Flop_Synchronizer_Multi_bits                      2      65.8952    
3      u_UART/u_UART_TX_Top1/u_Mux_4                                         6      35.301     
3      u_ALU/mult_63/FS_1                                                    27     205.9225   
3      u_UART/u_RX1/u_RX_FSM                                                 53     505.981    
3      u_UART/u_UART_TX_Top1/u_Parity_Unit                                   6      114.1399   
3      u_UART/u_RX1/u_Deserializer                                           34     405.9615   
3      u_UART/u_UART_TX_Top1/u_FSM                                           10     115.3166   
3      u_UART/u_UART_TX_Top1/u_Serializer_Top                                36     533.0451   
3      u_UART/u_RX1/u_Data_Sampling                                          12     149.4409   
3      u_UART/u_RX1/u_Error_Unit                                             2      17.6505    
3      {u_Data_Sync/u_Multi_Flop_Synchronizer_Multi_bits/genblk1[0].u0}      2      65.8952    
3      {u_Tx_Data_Syn/u_Multi_Flop_Synchronizer_Multi_bits/genblk1[0].u0}    2      65.8952    
3      u_UART/u_RX1/u_Counter_Unit                                           46     593.0568   
4      u_UART/u_UART_TX_Top1/u_Serializer_Top/u_Serializer                   25     382.4275   
4      u_UART/u_RX1/u_Counter_Unit/u_Edge_Bit_Counter                        34     427.1421   
4      u_UART/u_UART_TX_Top1/u_Serializer_Top/u_Counter                      11     150.6176   
4      u_UART/u_RX1/u_Counter_Unit/u_Bits_Counter                            11     160.0312   
