 
****************************************
Report : area
Design : Design_Top
Version: K-2015.06
Date   : Fri Aug 19 08:43:44 2022
****************************************

Library(s) Used:

    scmetro_tsmc_cl013g_rvt_tt_1p2v_25c (File: /mnt/hgfs/Courses/System/UART/std_cells/scmetro_tsmc_cl013g_rvt_tt_1p2v_25c.db)

Number of ports:                          640
Number of nets:                          1960
Number of cells:                         1310
Number of combinational cells:           1038
Number of sequential cells:               236
Number of macros/black boxes:               0
Number of buf/inv:                        195
Number of references:                      10

Combinational area:              10105.499752
Buf/Inv area:                      854.284218
Noncombinational area:            5877.616434
Macro/Black Box area:                0.000000
Net Interconnect area:          166600.847839

Total cell area:                 15983.116186
Total area:                     182583.964025

Hierarchical area distribution
------------------------------

                                  Global cell area            Local cell area
                                  -------------------  ----------------------------- 
Hierarchical cell                 Absolute    Percent  Combi-      Noncombi-  Black-
                                  Total       Total    national    national   boxes   Design
--------------------------------  ----------  -------  ----------  ---------  ------  -----------------------------------------------------------------------
Design_Top                        15983.1162    100.0      0.0000     0.0000  0.0000  Design_Top
u_ALU                              5526.9599     34.6   1059.0300   440.0858  0.0000  ALU_00000008_00000010_0000000e_00000004
u_ALU/add_55                        231.8099      1.5    231.8099     0.0000  0.0000  ALU_00000008_00000010_0000000e_00000004_DW01_add_0
u_ALU/div_67                       1439.1041      9.0   1439.1041     0.0000  0.0000  ALU_00000008_00000010_0000000e_00000004_DW_div_uns_0
u_ALU/mult_63                      2090.9959     13.1   1889.7802     0.0000  0.0000  ALU_00000008_00000010_0000000e_00000004_DW02_mult_0
u_ALU/mult_63/FS_1                  201.2157      1.3    201.2157     0.0000  0.0000  ALU_00000008_00000010_0000000e_00000004_DW01_add_1
u_ALU/sub_59                        265.9342      1.7    265.9342     0.0000  0.0000  ALU_00000008_00000010_0000000e_00000004_DW01_sub_0
u_Busy_Syn                           51.7748      0.3      0.0000    51.7748  0.0000  Multi_Flop_Synchronizer
u_Clock_Divider                     407.1382      2.5    249.4604   157.6778  0.0000  Clock_Divider
u_Clock_Gating                       25.8874      0.2     10.5903    15.2971  0.0000  Clock_Gating
u_Data_Sync                         401.2547      2.5     84.7224   232.9866  0.0000  Data_Sync_1
u_Data_Sync/u_Multi_Flop_Synchronizer_Multi_bits
                                     51.7748      0.3      0.0000     0.0000  0.0000  Multi_Flop_Synchronizer_Multi_bits_NUM_STAGES2_BUS_WIDTH1_1
u_Data_Sync/u_Multi_Flop_Synchronizer_Multi_bits/genblk1[0].u0
                                     51.7748      0.3      0.0000    51.7748  0.0000  Multi_Flop_Synchronizer_NUM_STAGES2_1
u_Data_Sync/u_Pulse_Gen              31.7709      0.2      5.8835    25.8874  0.0000  Pulse_Gen_1
u_REG_File                         5884.6767     36.8   2565.2061  3319.4707  0.0000  REG_File_00000008_00000010_00000004_00000000_00000000_0000001c_00000008
u_RX_Controler                      758.9715      4.7    577.7597   181.2118  0.0000  RX_Controler_00000008_00000010_00000004_0000000e_00000004
u_Tx_Controler                      305.9420      1.9    228.2798    77.6622  0.0000  Tx_Controler_00000008_00000010
u_Tx_Data_Syn                       401.2547      2.5     84.7224   232.9866  0.0000  Data_Sync_0
u_Tx_Data_Syn/u_Multi_Flop_Synchronizer_Multi_bits
                                     51.7748      0.3      0.0000     0.0000  0.0000  Multi_Flop_Synchronizer_Multi_bits_NUM_STAGES2_BUS_WIDTH1_0
u_Tx_Data_Syn/u_Multi_Flop_Synchronizer_Multi_bits/genblk1[0].u0
                                     51.7748      0.3      0.0000    51.7748  0.0000  Multi_Flop_Synchronizer_NUM_STAGES2_0
u_Tx_Data_Syn/u_Pulse_Gen            31.7709      0.2      5.8835    25.8874  0.0000  Pulse_Gen_0
u_UART                             2219.2562     13.9      0.0000     0.0000  0.0000  UART
u_UART/u_RX1                       1493.2323      9.3      0.0000     0.0000  0.0000  RX
u_UART/u_RX1/u_Counter_Unit         529.5150      3.3      5.8835     0.0000  0.0000  Counter_Unit
u_UART/u_RX1/u_Counter_Unit/u_Bits_Counter
                                    132.9671      0.8     55.3049    77.6622  0.0000  Bits_Counter
u_UART/u_RX1/u_Counter_Unit/u_Edge_Bit_Counter
                                    390.6644      2.4    229.4565   161.2079  0.0000  Edge_Bit_Counter
u_UART/u_RX1/u_Data_Sampling        125.9069      0.8     47.0680    78.8389  0.0000  Data_Sampling
u_UART/u_RX1/u_Deserializer         349.4799      2.2    142.3807   207.0992  0.0000  Deserializer
u_UART/u_RX1/u_Error_Unit            17.6505      0.1     17.6505     0.0000  0.0000  Error_Unit
u_UART/u_RX1/u_RX_FSM               470.6800      2.9    340.0663   130.6137  0.0000  RX_FSM
u_UART/u_UART_TX_Top1               726.0239      4.5      0.0000     0.0000  0.0000  UART_TX_Top
u_UART/u_UART_TX_Top1/u_FSM         101.1962      0.6     49.4214    51.7748  0.0000  FSM
u_UART/u_UART_TX_Top1/u_Mux_4        49.4214      0.3     49.4214     0.0000  0.0000  Mux_4
u_UART/u_UART_TX_Top1/u_Parity_Unit
                                    108.2564      0.7     87.0758    21.1806  0.0000  Parity_Unit
u_UART/u_UART_TX_Top1/u_Serializer_Top
                                    467.1499      2.9      0.0000     0.0000  0.0000  Serializer_Top
u_UART/u_UART_TX_Top1/u_Serializer_Top/u_Counter
                                    129.4370      0.8     51.7748    77.6622  0.0000  Counter
u_UART/u_UART_TX_Top1/u_Serializer_Top/u_Serializer
                                    337.7129      2.1    130.6137   207.0992  0.0000  Serializer
--------------------------------  ----------  -------  ----------  ---------  ------  -----------------------------------------------------------------------
Total                                                  10105.4998  5877.6164  0.0000

1
