 
****************************************
Report : constraint
        -all_violators
Design : UART
Version: K-2015.06
Date   : Wed Aug 17 05:41:59 2022
****************************************


   max_transition

                             Required        Actual
   Net                      Transition     Transition        Slack
   -----------------------------------------------------------------
   TX_OUT_V                     0.79          17.67         -16.88  (VIOLATED)
       PIN :   u_UART_TX_Top1/u_FSM/U6/Y
                                0.79          17.67         -16.88  (VIOLATED)
   SO                           0.79          17.67         -16.88  (VIOLATED)
       PIN :   u_UART_TX_Top1/u_Serializer_Top/u_Serializer/U4/Y
                                0.79          17.67         -16.88  (VIOLATED)
   RX_OUT_V                     0.79          17.67         -16.88  (VIOLATED)
       PIN :   u_RX1/u_RX_FSM/U7/Y
                                0.79          17.67         -16.88  (VIOLATED)
   TX_OUT_S                     0.79          17.67         -16.88  (VIOLATED)
       PIN :   U2/Y             0.79          17.67         -16.88  (VIOLATED)
   RX_OUT_P[0]                  0.79          17.63         -16.84  (VIOLATED)
       PIN :   u_RX1/U10/Y      0.79          17.63         -16.84  (VIOLATED)
   RX_OUT_P[1]                  0.79          17.63         -16.84  (VIOLATED)
       PIN :   u_RX1/U16/Y      0.79          17.63         -16.84  (VIOLATED)
   RX_OUT_P[4]                  0.79          17.63         -16.84  (VIOLATED)
       PIN :   u_RX1/U4/Y       0.79          17.63         -16.84  (VIOLATED)
   RX_OUT_P[5]                  0.79          17.63         -16.84  (VIOLATED)
       PIN :   u_RX1/U13/Y      0.79          17.63         -16.84  (VIOLATED)
   RX_OUT_P[6]                  0.79          17.63         -16.84  (VIOLATED)
       PIN :   u_RX1/U19/Y      0.79          17.63         -16.84  (VIOLATED)
   RX_OUT_P[7]                  0.79          17.63         -16.84  (VIOLATED)
       PIN :   u_RX1/U22/Y      0.79          17.63         -16.84  (VIOLATED)
   RX_OUT_P[2]                  0.79          17.63         -16.84  (VIOLATED)
       PIN :   u_RX1/U9/Y       0.79          17.63         -16.84  (VIOLATED)
   RX_OUT_P[3]                  0.79          17.63         -16.84  (VIOLATED)
       PIN :   u_RX1/U3/Y       0.79          17.63         -16.84  (VIOLATED)
   RST_MUX (dont_touch)         0.79           1.85          -1.06  (VIOLATED)
       PIN :   u_UART_TX_Top1/u_Serializer_Top/u_Serializer/Data_reg[7]/RN
                                0.79           1.85          -1.06  (VIOLATED)
       PIN :   u_UART_TX_Top1/u_Serializer_Top/u_Serializer/Data_reg[2]/RN
                                0.79           1.85          -1.06  (VIOLATED)
       PIN :   u_UART_TX_Top1/u_Serializer_Top/u_Serializer/Data_reg[3]/RN
                                0.79           1.85          -1.06  (VIOLATED)
       PIN :   u_UART_TX_Top1/u_Serializer_Top/u_Serializer/Data_reg[4]/RN
                                0.79           1.85          -1.06  (VIOLATED)
       PIN :   u_UART_TX_Top1/u_Serializer_Top/u_Serializer/Data_reg[5]/RN
                                0.79           1.85          -1.06  (VIOLATED)
       PIN :   u_UART_TX_Top1/u_Serializer_Top/u_Serializer/Data_reg[6]/RN
                                0.79           1.85          -1.06  (VIOLATED)
       PIN :   u_UART_TX_Top1/u_Serializer_Top/u_Serializer/Data_reg[0]/RN
                                0.79           1.85          -1.06  (VIOLATED)
       PIN :   u_UART_TX_Top1/u_Serializer_Top/u_Serializer/Data_reg[1]/RN
                                0.79           1.85          -1.06  (VIOLATED)
       PIN :   u_UART_TX_Top1/u_Serializer_Top/u_Counter/Counter_reg[2]/RN
                                0.79           1.85          -1.06  (VIOLATED)
       PIN :   u_UART_TX_Top1/u_Serializer_Top/u_Counter/Counter_reg[1]/RN
                                0.79           1.85          -1.06  (VIOLATED)
       PIN :   u_UART_TX_Top1/u_Serializer_Top/u_Counter/Counter_reg[0]/RN
                                0.79           1.85          -1.06  (VIOLATED)
       PIN :   u_RX1/u_Counter_Unit/u_Edge_Bit_Counter/finish_reg/RN
                                0.79           1.85          -1.06  (VIOLATED)
       PIN :   u_RX1/u_Counter_Unit/u_Edge_Bit_Counter/edge_cnt_reg[3]/RN
                                0.79           1.85          -1.06  (VIOLATED)
       PIN :   u_RX1/u_Counter_Unit/u_Edge_Bit_Counter/edge_cnt_reg[1]/RN
                                0.79           1.85          -1.06  (VIOLATED)
       PIN :   u_RX1/u_Counter_Unit/u_Edge_Bit_Counter/edge_cnt_reg[4]/RN
                                0.79           1.85          -1.06  (VIOLATED)
       PIN :   u_RX1/u_Counter_Unit/u_Edge_Bit_Counter/edge_cnt_reg[0]/RN
                                0.79           1.85          -1.06  (VIOLATED)
       PIN :   u_RX1/u_Counter_Unit/u_Edge_Bit_Counter/edge_cnt_reg[2]/RN
                                0.79           1.85          -1.06  (VIOLATED)
       PIN :   u_RX1/u_Counter_Unit/u_Bits_Counter/bits_counter_reg[0]/RN
                                0.79           1.85          -1.06  (VIOLATED)
       PIN :   u_RX1/u_Counter_Unit/u_Bits_Counter/bits_counter_reg[1]/RN
                                0.79           1.85          -1.06  (VIOLATED)
       PIN :   u_RX1/u_Counter_Unit/u_Bits_Counter/bits_counter_reg[2]/RN
                                0.79           1.85          -1.06  (VIOLATED)
       PIN :   u_UART_TX_Top1/u_FSM/Current_State_reg[0]/RN
                                0.79           1.85          -1.06  (VIOLATED)
       PIN :   u_UART_TX_Top1/u_FSM/Current_State_reg[1]/RN
                                0.79           1.85          -1.06  (VIOLATED)
       PIN :   u_RX1/u_Deserializer/Data_reg[4]/RN
                                0.79           1.85          -1.06  (VIOLATED)
       PIN :   u_RX1/u_Deserializer/Data_reg[0]/RN
                                0.79           1.85          -1.06  (VIOLATED)
       PIN :   u_RX1/u_Deserializer/Data_reg[5]/RN
                                0.79           1.85          -1.06  (VIOLATED)
       PIN :   u_RX1/u_Deserializer/Data_reg[1]/RN
                                0.79           1.85          -1.06  (VIOLATED)
       PIN :   u_RX1/u_Deserializer/Data_reg[6]/RN
                                0.79           1.85          -1.06  (VIOLATED)
       PIN :   u_RX1/u_Deserializer/Data_reg[7]/RN
                                0.79           1.85          -1.06  (VIOLATED)
       PIN :   u_RX1/u_Deserializer/Data_reg[3]/RN
                                0.79           1.85          -1.06  (VIOLATED)
       PIN :   u_RX1/u_Deserializer/Data_reg[2]/RN
                                0.79           1.85          -1.06  (VIOLATED)
       PIN :   u_RX1/u_Data_Sampling/bits_reg[0]/RN
                                0.79           1.85          -1.06  (VIOLATED)
       PIN :   u_RX1/u_Data_Sampling/bits_reg[2]/RN
                                0.79           1.85          -1.06  (VIOLATED)
       PIN :   u_RX1/u_Data_Sampling/bits_reg[1]/RN
                                0.79           1.85          -1.06  (VIOLATED)
       PIN :   u_RX1/u_RX_FSM/CurrentState_reg[2]/RN
                                0.79           1.85          -1.06  (VIOLATED)
       PIN :   u_RX1/u_RX_FSM/CurrentState_reg[1]/RN
                                0.79           1.85          -1.06  (VIOLATED)
       PIN :   u_RX1/u_RX_FSM/CurrentState_reg[0]/RN
                                0.79           1.85          -1.06  (VIOLATED)
       PIN :   u_RX1/u_RX_FSM/data_valid_reg/SN
                                0.79           1.85          -1.06  (VIOLATED)
       PIN :   u_MUX2_RST/U1/Y
                                0.79           1.85          -1.06  (VIOLATED)
   u_RX1/n7                     0.79           0.80          -0.01  (VIOLATED)
       PIN :   u_RX1/U9/A       0.79           0.80          -0.01  (VIOLATED)
       PIN :   u_RX1/U8/A       0.79           0.80          -0.01  (VIOLATED)
       PIN :   u_RX1/U7/Y       0.79           0.80          -0.01  (VIOLATED)
   u_RX1/n1                     0.79           0.80          -0.01  (VIOLATED)
       PIN :   u_RX1/U3/A       0.79           0.80          -0.01  (VIOLATED)
       PIN :   u_RX1/U2/A       0.79           0.80          -0.01  (VIOLATED)
       PIN :   u_RX1/U1/Y       0.79           0.80          -0.01  (VIOLATED)
   u_RX1/n13                    0.79           0.80          -0.01  (VIOLATED)
       PIN :   u_RX1/U16/A      0.79           0.80          -0.01  (VIOLATED)
       PIN :   u_RX1/U14/A      0.79           0.80          -0.01  (VIOLATED)
       PIN :   u_RX1/U18/Y      0.79           0.80          -0.01  (VIOLATED)
   u_RX1/n16                    0.79           0.80          -0.01  (VIOLATED)
       PIN :   u_RX1/U13/A      0.79           0.80          -0.01  (VIOLATED)
       PIN :   u_RX1/U17/A      0.79           0.80          -0.01  (VIOLATED)
       PIN :   u_RX1/U15/Y      0.79           0.80          -0.01  (VIOLATED)
   u_RX1/n4                     0.79           0.80          -0.01  (VIOLATED)
       PIN :   u_RX1/U22/A      0.79           0.80          -0.01  (VIOLATED)
       PIN :   u_RX1/U5/A       0.79           0.80          -0.01  (VIOLATED)
       PIN :   u_RX1/U24/Y      0.79           0.80          -0.01  (VIOLATED)
   u_RX1/n10                    0.79           0.80          -0.01  (VIOLATED)
       PIN :   u_RX1/U19/A      0.79           0.80          -0.01  (VIOLATED)
       PIN :   u_RX1/U11/A      0.79           0.80          -0.01  (VIOLATED)
       PIN :   u_RX1/U21/Y      0.79           0.80          -0.01  (VIOLATED)
   u_RX1/n19                    0.79           0.80          -0.01  (VIOLATED)
       PIN :   u_RX1/U10/A      0.79           0.80          -0.01  (VIOLATED)
       PIN :   u_RX1/U20/A      0.79           0.80          -0.01  (VIOLATED)
       PIN :   u_RX1/U12/Y      0.79           0.80          -0.01  (VIOLATED)
   u_RX1/n22                    0.79           0.80          -0.01  (VIOLATED)
       PIN :   u_RX1/U4/A       0.79           0.80          -0.01  (VIOLATED)
       PIN :   u_RX1/U23/A      0.79           0.80          -0.01  (VIOLATED)
       PIN :   u_RX1/U6/Y       0.79           0.80          -0.01  (VIOLATED)

   -----------------------------------------------------------------
   Total                      21               -203.39  

   max_capacitance

                             Required        Actual
   Net                      Capacitance    Capacitance       Slack
   -----------------------------------------------------------------
   RX_OUT_P[0]                  3.69          50.01         -46.32  (VIOLATED)
   RX_OUT_P[1]                  3.69          50.01         -46.32  (VIOLATED)
   RX_OUT_P[2]                  3.69          50.01         -46.32  (VIOLATED)
   RX_OUT_P[3]                  3.69          50.01         -46.32  (VIOLATED)
   RX_OUT_P[4]                  3.69          50.01         -46.32  (VIOLATED)
   RX_OUT_P[5]                  3.69          50.01         -46.32  (VIOLATED)
   RX_OUT_P[6]                  3.69          50.01         -46.32  (VIOLATED)
   RX_OUT_P[7]                  3.69          50.01         -46.32  (VIOLATED)
   RX_OUT_V                     3.69          50.01         -46.32  (VIOLATED)
   SO                           3.69          50.01         -46.32  (VIOLATED)
   TX_OUT_S                     3.69          50.01         -46.32  (VIOLATED)
   TX_OUT_V                     3.69          50.01         -46.32  (VIOLATED)
   RST_MUX (dont_touch)         0.37           0.54          -0.17  (VIOLATED)

   -----------------------------------------------------------------
   Total                      13               -555.99  

1
