Information: Propagating switching activity (low effort zero delay simulation). (PWR-6)
Warning: Design has unannotated primary inputs. (PWR-414)
Warning: Design has unannotated sequential cell outputs. (PWR-415)
 
****************************************
Report : power
        -analysis_effort low
Design : UART
Version: K-2015.06
Date   : Wed Aug 17 05:41:59 2022
****************************************


Library(s) Used:

    scmetro_tsmc_cl013g_rvt_tt_1p2v_25c (File: /mnt/hgfs/Courses/System/UART/std_cells/scmetro_tsmc_cl013g_rvt_tt_1p2v_25c.db)


Operating Conditions: scmetro_tsmc_cl013g_rvt_ss_1p08v_125c   Library: scmetro_tsmc_cl013g_rvt_ss_1p08v_125c
Wire Load Model Mode: top

Design        Wire Load Model            Library
------------------------------------------------
UART                   tsmc13_wl10       scmetro_tsmc_cl013g_rvt_ss_1p08v_125c


Global Operating Voltage = 1.08 
Power-specific unit information :
    Voltage Units = 1V
    Capacitance Units = 1.000000pf
    Time Units = 1ns
    Dynamic Power Units = 1mW    (derived from V,C,T units)
    Leakage Power Units = 1pW


  Cell Internal Power  =  10.1749 uW    (4%)
  Net Switching Power  = 272.7287 uW   (96%)
                         ---------
Total Dynamic Power    = 282.9035 uW  (100%)

Cell Leakage Power     = 718.0023 nW


                 Internal         Switching           Leakage            Total
Power Group      Power            Power               Power              Power   (   %    )  Attrs
--------------------------------------------------------------------------------------------------
io_pad             0.0000            0.0000            0.0000            0.0000  (   0.00%)
memory             0.0000            0.0000            0.0000            0.0000  (   0.00%)
black_box          0.0000            0.0000            0.0000            0.0000  (   0.00%)
clock_network  2.9085e-04        2.8006e-03        8.2465e+03        3.0997e-03  (   1.09%)
register       6.3108e-03        6.4236e-04        2.7439e+05        7.2276e-03  (   2.55%)
sequential         0.0000            0.0000            0.0000            0.0000  (   0.00%)
combinational  3.5732e-03            0.2693        4.3537e+05            0.2733  (  96.36%)
--------------------------------------------------------------------------------------------------
Total          1.0175e-02 mW         0.2727 mW     7.1800e+05 pW         0.2836 mW
1
