 
****************************************
Report : constraint
        -all_violators
Design : Design_Top
Version: K-2015.06
Date   : Fri Aug 26 03:56:38 2022
****************************************


   max_transition

                             Required        Actual
   Net                      Transition     Transition        Slack
   -----------------------------------------------------------------
   REF_CLK_Sync_RST_MUX (dont_touch)
                                0.79           1.41          -0.62  (VIOLATED)
       PIN :   u_Data_Sync/u_Multi_Flop_Synchronizer_Multi_bits/genblk1[0].u0/sync_reg/RN
                                0.79           1.41          -0.62  (VIOLATED)
       PIN :   u_Data_Sync/u_Multi_Flop_Synchronizer_Multi_bits/genblk1[0].u0/Q_reg[0]/RN
                                0.79           1.41          -0.62  (VIOLATED)
       PIN :   u_Data_Sync/u_Pulse_Gen/Q_reg/RN
                                0.79           1.41          -0.62  (VIOLATED)
       PIN :   u_Busy_Syn/sync_reg/RN
                                0.79           1.41          -0.62  (VIOLATED)
       PIN :   u_Busy_Syn/Q_reg[0]/RN
                                0.79           1.41          -0.62  (VIOLATED)
       PIN :   u_REG_File/Memory_reg[2][4]/SN
                                0.79           1.41          -0.62  (VIOLATED)
       PIN :   u_REG_File/Memory_reg[2][3]/SN
                                0.79           1.41          -0.62  (VIOLATED)
       PIN :   u_REG_File/Memory_reg[2][2]/SN
                                0.79           1.41          -0.62  (VIOLATED)
       PIN :   u_REG_File/Memory_reg[3][3]/SN
                                0.79           1.41          -0.62  (VIOLATED)
       PIN :   u_REG_File/Memory_reg[14][2]/RN
                                0.79           1.41          -0.62  (VIOLATED)
       PIN :   u_REG_File/Memory_reg[14][1]/RN
                                0.79           1.41          -0.62  (VIOLATED)
       PIN :   u_REG_File/Memory_reg[14][0]/RN
                                0.79           1.41          -0.62  (VIOLATED)
       PIN :   u_REG_File/Memory_reg[13][7]/RN
                                0.79           1.41          -0.62  (VIOLATED)
       PIN :   u_REG_File/Memory_reg[13][6]/RN
                                0.79           1.41          -0.62  (VIOLATED)
       PIN :   u_REG_File/Memory_reg[13][5]/RN
                                0.79           1.41          -0.62  (VIOLATED)
       PIN :   u_REG_File/Memory_reg[13][4]/RN
                                0.79           1.41          -0.62  (VIOLATED)
       PIN :   u_REG_File/Memory_reg[13][3]/RN
                                0.79           1.41          -0.62  (VIOLATED)
       PIN :   u_REG_File/Memory_reg[13][2]/RN
                                0.79           1.41          -0.62  (VIOLATED)
       PIN :   u_REG_File/Memory_reg[13][1]/RN
                                0.79           1.41          -0.62  (VIOLATED)
       PIN :   u_REG_File/Memory_reg[13][0]/RN
                                0.79           1.41          -0.62  (VIOLATED)
       PIN :   u_REG_File/Memory_reg[12][7]/RN
                                0.79           1.41          -0.62  (VIOLATED)
       PIN :   u_REG_File/Memory_reg[12][6]/RN
                                0.79           1.41          -0.62  (VIOLATED)
       PIN :   u_REG_File/Memory_reg[12][5]/RN
                                0.79           1.41          -0.62  (VIOLATED)
       PIN :   u_REG_File/Memory_reg[12][4]/RN
                                0.79           1.41          -0.62  (VIOLATED)
       PIN :   u_REG_File/Memory_reg[12][3]/RN
                                0.79           1.41          -0.62  (VIOLATED)
       PIN :   u_REG_File/Memory_reg[12][2]/RN
                                0.79           1.41          -0.62  (VIOLATED)
       PIN :   u_REG_File/Memory_reg[12][1]/RN
                                0.79           1.41          -0.62  (VIOLATED)
       PIN :   u_REG_File/Memory_reg[12][0]/RN
                                0.79           1.41          -0.62  (VIOLATED)
       PIN :   u_REG_File/Memory_reg[11][7]/RN
                                0.79           1.41          -0.62  (VIOLATED)
       PIN :   u_REG_File/Memory_reg[11][6]/RN
                                0.79           1.41          -0.62  (VIOLATED)
       PIN :   u_REG_File/Memory_reg[11][5]/RN
                                0.79           1.41          -0.62  (VIOLATED)
       PIN :   u_REG_File/Memory_reg[11][4]/RN
                                0.79           1.41          -0.62  (VIOLATED)
       PIN :   u_REG_File/Memory_reg[11][3]/RN
                                0.79           1.41          -0.62  (VIOLATED)
       PIN :   u_REG_File/Memory_reg[11][2]/RN
                                0.79           1.41          -0.62  (VIOLATED)
       PIN :   u_REG_File/Memory_reg[11][1]/RN
                                0.79           1.41          -0.62  (VIOLATED)
       PIN :   u_REG_File/Memory_reg[11][0]/RN
                                0.79           1.41          -0.62  (VIOLATED)
       PIN :   u_REG_File/Memory_reg[10][7]/RN
                                0.79           1.41          -0.62  (VIOLATED)
       PIN :   u_REG_File/Memory_reg[10][6]/RN
                                0.79           1.41          -0.62  (VIOLATED)
       PIN :   u_REG_File/Memory_reg[10][5]/RN
                                0.79           1.41          -0.62  (VIOLATED)
       PIN :   u_REG_File/Memory_reg[10][4]/RN
                                0.79           1.41          -0.62  (VIOLATED)
       PIN :   u_REG_File/Memory_reg[10][3]/RN
                                0.79           1.41          -0.62  (VIOLATED)
       PIN :   u_REG_File/Memory_reg[10][2]/RN
                                0.79           1.41          -0.62  (VIOLATED)
       PIN :   u_REG_File/Memory_reg[10][1]/RN
                                0.79           1.41          -0.62  (VIOLATED)
       PIN :   u_REG_File/Memory_reg[10][0]/RN
                                0.79           1.41          -0.62  (VIOLATED)
       PIN :   u_REG_File/Memory_reg[9][7]/RN
                                0.79           1.41          -0.62  (VIOLATED)
       PIN :   u_REG_File/Memory_reg[9][6]/RN
                                0.79           1.41          -0.62  (VIOLATED)
       PIN :   u_REG_File/Memory_reg[9][5]/RN
                                0.79           1.41          -0.62  (VIOLATED)
       PIN :   u_REG_File/Memory_reg[9][4]/RN
                                0.79           1.41          -0.62  (VIOLATED)
       PIN :   u_REG_File/Memory_reg[9][3]/RN
                                0.79           1.41          -0.62  (VIOLATED)
       PIN :   u_REG_File/Memory_reg[9][2]/RN
                                0.79           1.41          -0.62  (VIOLATED)
       PIN :   u_REG_File/Memory_reg[9][1]/RN
                                0.79           1.41          -0.62  (VIOLATED)
       PIN :   u_REG_File/Memory_reg[9][0]/RN
                                0.79           1.41          -0.62  (VIOLATED)
       PIN :   u_REG_File/Memory_reg[8][7]/RN
                                0.79           1.41          -0.62  (VIOLATED)
       PIN :   u_REG_File/Memory_reg[8][6]/RN
                                0.79           1.41          -0.62  (VIOLATED)
       PIN :   u_REG_File/Memory_reg[8][5]/RN
                                0.79           1.41          -0.62  (VIOLATED)
       PIN :   u_REG_File/Memory_reg[8][4]/RN
                                0.79           1.41          -0.62  (VIOLATED)
       PIN :   u_REG_File/Memory_reg[8][3]/RN
                                0.79           1.41          -0.62  (VIOLATED)
       PIN :   u_REG_File/Memory_reg[8][2]/RN
                                0.79           1.41          -0.62  (VIOLATED)
       PIN :   u_REG_File/Memory_reg[8][1]/RN
                                0.79           1.41          -0.62  (VIOLATED)
       PIN :   u_REG_File/Memory_reg[8][0]/RN
                                0.79           1.41          -0.62  (VIOLATED)
       PIN :   u_REG_File/Memory_reg[7][7]/RN
                                0.79           1.41          -0.62  (VIOLATED)
       PIN :   u_REG_File/Memory_reg[7][6]/RN
                                0.79           1.41          -0.62  (VIOLATED)
       PIN :   u_REG_File/Memory_reg[7][5]/RN
                                0.79           1.41          -0.62  (VIOLATED)
       PIN :   u_REG_File/Memory_reg[7][4]/RN
                                0.79           1.41          -0.62  (VIOLATED)
       PIN :   u_REG_File/Memory_reg[7][3]/RN
                                0.79           1.41          -0.62  (VIOLATED)
       PIN :   u_REG_File/Memory_reg[7][2]/RN
                                0.79           1.41          -0.62  (VIOLATED)
       PIN :   u_REG_File/Memory_reg[7][1]/RN
                                0.79           1.41          -0.62  (VIOLATED)
       PIN :   u_REG_File/Memory_reg[7][0]/RN
                                0.79           1.41          -0.62  (VIOLATED)
       PIN :   u_REG_File/Memory_reg[6][7]/RN
                                0.79           1.41          -0.62  (VIOLATED)
       PIN :   u_REG_File/Memory_reg[6][6]/RN
                                0.79           1.41          -0.62  (VIOLATED)
       PIN :   u_REG_File/Memory_reg[6][5]/RN
                                0.79           1.41          -0.62  (VIOLATED)
       PIN :   u_REG_File/Memory_reg[6][4]/RN
                                0.79           1.41          -0.62  (VIOLATED)
       PIN :   u_REG_File/Memory_reg[6][3]/RN
                                0.79           1.41          -0.62  (VIOLATED)
       PIN :   u_REG_File/Memory_reg[6][2]/RN
                                0.79           1.41          -0.62  (VIOLATED)
       PIN :   u_REG_File/Memory_reg[6][1]/RN
                                0.79           1.41          -0.62  (VIOLATED)
       PIN :   u_REG_File/Memory_reg[6][0]/RN
                                0.79           1.41          -0.62  (VIOLATED)
       PIN :   u_REG_File/Memory_reg[5][7]/RN
                                0.79           1.41          -0.62  (VIOLATED)
       PIN :   u_REG_File/Memory_reg[5][6]/RN
                                0.79           1.41          -0.62  (VIOLATED)
       PIN :   u_REG_File/Memory_reg[5][5]/RN
                                0.79           1.41          -0.62  (VIOLATED)
       PIN :   u_REG_File/Memory_reg[5][4]/RN
                                0.79           1.41          -0.62  (VIOLATED)
       PIN :   u_REG_File/Memory_reg[5][3]/RN
                                0.79           1.41          -0.62  (VIOLATED)
       PIN :   u_REG_File/Memory_reg[5][2]/RN
                                0.79           1.41          -0.62  (VIOLATED)
       PIN :   u_REG_File/Memory_reg[5][1]/RN
                                0.79           1.41          -0.62  (VIOLATED)
       PIN :   u_REG_File/Memory_reg[5][0]/RN
                                0.79           1.41          -0.62  (VIOLATED)
       PIN :   u_REG_File/Memory_reg[4][7]/RN
                                0.79           1.41          -0.62  (VIOLATED)
       PIN :   u_REG_File/Memory_reg[4][6]/RN
                                0.79           1.41          -0.62  (VIOLATED)
       PIN :   u_REG_File/Memory_reg[4][5]/RN
                                0.79           1.41          -0.62  (VIOLATED)
       PIN :   u_REG_File/Memory_reg[4][4]/RN
                                0.79           1.41          -0.62  (VIOLATED)
       PIN :   u_REG_File/Memory_reg[4][3]/RN
                                0.79           1.41          -0.62  (VIOLATED)
       PIN :   u_REG_File/Memory_reg[4][2]/RN
                                0.79           1.41          -0.62  (VIOLATED)
       PIN :   u_REG_File/Memory_reg[4][1]/RN
                                0.79           1.41          -0.62  (VIOLATED)
       PIN :   u_REG_File/Memory_reg[4][0]/RN
                                0.79           1.41          -0.62  (VIOLATED)
       PIN :   u_REG_File/Memory_reg[3][7]/RN
                                0.79           1.41          -0.62  (VIOLATED)
       PIN :   u_REG_File/Memory_reg[3][6]/RN
                                0.79           1.41          -0.62  (VIOLATED)
       PIN :   u_REG_File/Memory_reg[3][5]/RN
                                0.79           1.41          -0.62  (VIOLATED)
       PIN :   u_REG_File/Memory_reg[3][4]/RN
                                0.79           1.41          -0.62  (VIOLATED)
       PIN :   u_REG_File/Memory_reg[0][5]/RN
                                0.79           1.41          -0.62  (VIOLATED)
       PIN :   u_REG_File/Memory_reg[15][6]/RN
                                0.79           1.41          -0.62  (VIOLATED)
       PIN :   u_REG_File/Memory_reg[15][5]/RN
                                0.79           1.41          -0.62  (VIOLATED)
       PIN :   u_REG_File/Memory_reg[15][4]/RN
                                0.79           1.41          -0.62  (VIOLATED)
       PIN :   u_REG_File/Memory_reg[15][3]/RN
                                0.79           1.41          -0.62  (VIOLATED)
       PIN :   u_REG_File/Memory_reg[15][2]/RN
                                0.79           1.41          -0.62  (VIOLATED)
       PIN :   u_REG_File/Memory_reg[15][1]/RN
                                0.79           1.41          -0.62  (VIOLATED)
       PIN :   u_REG_File/Memory_reg[15][0]/RN
                                0.79           1.41          -0.62  (VIOLATED)
       PIN :   u_REG_File/Memory_reg[14][7]/RN
                                0.79           1.41          -0.62  (VIOLATED)
       PIN :   u_REG_File/Memory_reg[14][6]/RN
                                0.79           1.41          -0.62  (VIOLATED)
       PIN :   u_REG_File/Memory_reg[14][5]/RN
                                0.79           1.41          -0.62  (VIOLATED)
       PIN :   u_REG_File/Memory_reg[0][4]/RN
                                0.79           1.41          -0.62  (VIOLATED)
       PIN :   u_REG_File/Memory_reg[0][3]/RN
                                0.79           1.41          -0.62  (VIOLATED)
       PIN :   u_REG_File/Memory_reg[0][2]/RN
                                0.79           1.41          -0.62  (VIOLATED)
       PIN :   u_REG_File/Memory_reg[0][1]/RN
                                0.79           1.41          -0.62  (VIOLATED)
       PIN :   u_REG_File/Memory_reg[0][0]/RN
                                0.79           1.41          -0.62  (VIOLATED)
       PIN :   u_REG_File/Memory_reg[14][4]/RN
                                0.79           1.41          -0.62  (VIOLATED)
       PIN :   u_REG_File/Memory_reg[14][3]/RN
                                0.79           1.41          -0.62  (VIOLATED)
       PIN :   u_REG_File/Memory_reg[3][2]/RN
                                0.79           1.41          -0.62  (VIOLATED)
       PIN :   u_REG_File/Memory_reg[3][1]/RN
                                0.79           1.41          -0.62  (VIOLATED)
       PIN :   u_REG_File/Memory_reg[3][0]/RN
                                0.79           1.41          -0.62  (VIOLATED)
       PIN :   u_REG_File/Memory_reg[2][7]/RN
                                0.79           1.41          -0.62  (VIOLATED)
       PIN :   u_REG_File/Memory_reg[2][6]/RN
                                0.79           1.41          -0.62  (VIOLATED)
       PIN :   u_REG_File/Memory_reg[2][5]/RN
                                0.79           1.41          -0.62  (VIOLATED)
       PIN :   u_REG_File/Memory_reg[2][1]/RN
                                0.79           1.41          -0.62  (VIOLATED)
       PIN :   u_REG_File/Memory_reg[2][0]/RN
                                0.79           1.41          -0.62  (VIOLATED)
       PIN :   u_REG_File/Memory_reg[1][7]/RN
                                0.79           1.41          -0.62  (VIOLATED)
       PIN :   u_REG_File/Memory_reg[1][6]/RN
                                0.79           1.41          -0.62  (VIOLATED)
       PIN :   u_REG_File/Memory_reg[1][5]/RN
                                0.79           1.41          -0.62  (VIOLATED)
       PIN :   u_REG_File/Memory_reg[1][4]/RN
                                0.79           1.41          -0.62  (VIOLATED)
       PIN :   u_REG_File/Memory_reg[1][3]/RN
                                0.79           1.41          -0.62  (VIOLATED)
       PIN :   u_REG_File/Memory_reg[1][2]/RN
                                0.79           1.41          -0.62  (VIOLATED)
       PIN :   u_REG_File/Memory_reg[1][1]/RN
                                0.79           1.41          -0.62  (VIOLATED)
       PIN :   u_REG_File/Memory_reg[1][0]/RN
                                0.79           1.41          -0.62  (VIOLATED)
       PIN :   u_REG_File/Memory_reg[0][7]/RN
                                0.79           1.41          -0.62  (VIOLATED)
       PIN :   u_REG_File/Memory_reg[0][6]/RN
                                0.79           1.41          -0.62  (VIOLATED)
       PIN :   u_REG_File/Memory_reg[15][7]/RN
                                0.79           1.41          -0.62  (VIOLATED)
       PIN :   u_ALU/ALU_Out_reg[6]/RN
                                0.79           1.41          -0.62  (VIOLATED)
       PIN :   u_ALU/ALU_Out_reg[5]/RN
                                0.79           1.41          -0.62  (VIOLATED)
       PIN :   u_ALU/ALU_Out_reg[4]/RN
                                0.79           1.41          -0.62  (VIOLATED)
       PIN :   u_ALU/ALU_Out_reg[3]/RN
                                0.79           1.41          -0.62  (VIOLATED)
       PIN :   u_ALU/ALU_Out_reg[2]/RN
                                0.79           1.41          -0.62  (VIOLATED)
       PIN :   u_ALU/ALU_Out_reg[1]/RN
                                0.79           1.41          -0.62  (VIOLATED)
       PIN :   u_ALU/ALU_Out_reg[0]/RN
                                0.79           1.41          -0.62  (VIOLATED)
       PIN :   u_ALU/Out_Valid_reg/RN
                                0.79           1.41          -0.62  (VIOLATED)
       PIN :   u_ALU/ALU_Out_reg[15]/RN
                                0.79           1.41          -0.62  (VIOLATED)
       PIN :   u_ALU/ALU_Out_reg[14]/RN
                                0.79           1.41          -0.62  (VIOLATED)
       PIN :   u_ALU/ALU_Out_reg[13]/RN
                                0.79           1.41          -0.62  (VIOLATED)
       PIN :   u_ALU/ALU_Out_reg[12]/RN
                                0.79           1.41          -0.62  (VIOLATED)
       PIN :   u_ALU/ALU_Out_reg[11]/RN
                                0.79           1.41          -0.62  (VIOLATED)
       PIN :   u_ALU/ALU_Out_reg[10]/RN
                                0.79           1.41          -0.62  (VIOLATED)
       PIN :   u_ALU/ALU_Out_reg[9]/RN
                                0.79           1.41          -0.62  (VIOLATED)
       PIN :   u_ALU/ALU_Out_reg[8]/RN
                                0.79           1.41          -0.62  (VIOLATED)
       PIN :   u_ALU/ALU_Out_reg[7]/RN
                                0.79           1.41          -0.62  (VIOLATED)
       PIN :   u_Tx_Controler/Current_State_reg[0]/RN
                                0.79           1.41          -0.62  (VIOLATED)
       PIN :   u_Tx_Controler/Current_State_reg[2]/RN
                                0.79           1.41          -0.62  (VIOLATED)
       PIN :   u_Tx_Controler/Current_State_reg[1]/RN
                                0.79           1.41          -0.62  (VIOLATED)
       PIN :   u_Data_Sync/Sync_Bus_reg[5]/RN
                                0.79           1.41          -0.62  (VIOLATED)
       PIN :   u_Data_Sync/Sync_Bus_reg[4]/RN
                                0.79           1.41          -0.62  (VIOLATED)
       PIN :   u_Data_Sync/Sync_Bus_reg[3]/RN
                                0.79           1.41          -0.62  (VIOLATED)
       PIN :   u_Data_Sync/Sync_Bus_reg[2]/RN
                                0.79           1.41          -0.62  (VIOLATED)
       PIN :   u_Data_Sync/Sync_Bus_reg[1]/RN
                                0.79           1.41          -0.62  (VIOLATED)
       PIN :   u_Data_Sync/Sync_Bus_reg[0]/RN
                                0.79           1.41          -0.62  (VIOLATED)
       PIN :   u_Data_Sync/Enable_Pulse_reg/RN
                                0.79           1.41          -0.62  (VIOLATED)
       PIN :   u_Data_Sync/Sync_Bus_reg[6]/RN
                                0.79           1.41          -0.62  (VIOLATED)
       PIN :   u_Data_Sync/Sync_Bus_reg[7]/RN
                                0.79           1.41          -0.62  (VIOLATED)
       PIN :   u_RX_Controler/Saved_Data_reg[2]/RN
                                0.79           1.41          -0.62  (VIOLATED)
       PIN :   u_RX_Controler/Saved_Data_reg[1]/RN
                                0.79           1.41          -0.62  (VIOLATED)
       PIN :   u_RX_Controler/Saved_Data_reg[0]/RN
                                0.79           1.41          -0.62  (VIOLATED)
       PIN :   u_RX_Controler/Current_State_reg[0]/RN
                                0.79           1.41          -0.62  (VIOLATED)
       PIN :   u_RX_Controler/Current_State_reg[1]/RN
                                0.79           1.41          -0.62  (VIOLATED)
       PIN :   u_RX_Controler/Current_State_reg[2]/RN
                                0.79           1.41          -0.62  (VIOLATED)
       PIN :   u_RX_Controler/Saved_Data_reg[3]/RN
                                0.79           1.41          -0.62  (VIOLATED)
       PIN :   u_MUX2_REF_RST/U1/Y
                                0.79           1.41          -0.62  (VIOLATED)

   -----------------------------------------------------------------
   Total                      1                  -0.62  

   max_capacitance

                             Required        Actual
   Net                      Capacitance    Capacitance       Slack
   -----------------------------------------------------------------
   REF_CLK_Sync_RST_MUX (dont_touch)
                                0.74           0.81          -0.07  (VIOLATED)

   -----------------------------------------------------------------
   Total                      1                  -0.07  

1
